Input File: markovA.in
  method               tauchen
  states               9
  vars                 2
  base                 basket
  Ctry                 JP
  E                    [Nan, Nan]
  Std                  [NaN, NaN]
  Cor                  NaN
  Theta                [ NaN , 0 ; 0 , 0  ]
 
----Target----
:
    method: 'tauchen'
    states: 9
      vars: 2
      base: 'basket'
      Ctry: 'JP'
         E: [1.0054 1.0094]
       Std: [0.0106 0.0555]
       Cor: -0.2078
     Theta: [4x1 double]

.Theta:
    0.2328
         0
         0
         0

 
 
{Warning: p0 not correctly implemented! need MVgrid} 
> In Tauchen1987Joh at 76
  In mcInterface at 39
  In getShockTrans at 88
  In markov at 31
  In callMarkov at 29
States=9, vars=2
Shock matrix (S)
    0.9945    0.9669
    1.0054    0.9550
    1.0164    0.9432
    0.9945    1.0212
    1.0054    1.0094
    1.0164    0.9975
    0.9945    1.0756
    1.0054    1.0637
    1.0164    1.0519

Transition matrix (T)
    0.1279    0.1249    0.0736    0.1500    0.1465    0.0864    0.1139    0.1112    0.0656
    0.0936    0.1211    0.0936    0.1164    0.1506    0.1164    0.0936    0.1211    0.0936
    0.0656    0.1112    0.1139    0.0864    0.1465    0.1500    0.0736    0.1249    0.1279
    0.1279    0.1249    0.0736    0.1500    0.1465    0.0864    0.1139    0.1112    0.0656
    0.0936    0.1211    0.0936    0.1164    0.1506    0.1164    0.0936    0.1211    0.0936
    0.0656    0.1112    0.1139    0.0864    0.1465    0.1500    0.0736    0.1249    0.1279
    0.1279    0.1249    0.0736    0.1500    0.1465    0.0864    0.1139    0.1112    0.0656
    0.0936    0.1211    0.0936    0.1164    0.1506    0.1164    0.0936    0.1211    0.0936
    0.0656    0.1112    0.1139    0.0864    0.1465    0.1500    0.0736    0.1249    0.1279

Unconditional probs(lambda)
    0.0955    0.1192    0.0937    0.1175    0.1481    0.1175    0.0937    0.1192    0.0955

Unconditional means(E) 
    1.0054    1.0094

Unconditional std 
   0.0086             0.0000 + 0.0088i
   0.0000 + 0.0088i   0.0436          

Unconditional cov 
    0.0001   -0.0001
   -0.0001    0.0019

Unconditional correlation 
    1.0000   -0.2070
   -0.2070    1.0000

Unconditional skewness 
   1.0e-11 *

    0.2417
    0.0480

Persistence 
    0.1661    0.0000
   -0.0023    0.0000

Conditional means(Et) 
   1.003597694970165   1.009397035695028
   1.005415966386555   1.009371516157275
   1.007234237802945   1.009345996619522
   1.003597694970165   1.009397035695028
   1.005415966386555   1.009371516157275
   1.007234237802945   1.009345996619522
   1.003597694970165   1.009397035695028
   1.005415966386555   1.009371516157275
   1.007234237802945   1.009345996619522

Conditional std(Std_t) 
    0.0072    0.0436
    0.0071    0.0437
    0.0072    0.0436
    0.0072    0.0436
    0.0071    0.0437
    0.0072    0.0436
    0.0072    0.0436
    0.0071    0.0437
    0.0072    0.0436

Conditional covariance 
st/vars  (2,1)
 1       -0.000 
 2       -0.000 
 3       -0.000 
 4       -0.000 
 5       -0.000 
 6       -0.000 
 7       -0.000 
 8       -0.000 
 9       -0.000 

Conditional correlation 
st/vars  (2,1)
 1       -0.204 
 2       -0.211 
 3       -0.204 
 4       -0.204 
 5       -0.211 
 6       -0.204 
 7       -0.204 
 8       -0.211 
 9       -0.204 

Stadnard deviation E_t: std(E_t)
   0.0014             0.0000 + 0.0002i
   0.0000 + 0.0002i   0.0000          

Correlation S E_t(S)
 [ corr(x,E_t(x)),   corr(x, E_t(y)) ] 
 [ corr(y,E_t(x)),   corr(y, E_t(y)) ] 
    1.0000   -1.0000
   -0.2070    0.2070

Input File: markovB.in
  method               tauchen
  states               9
  vars                 2
  base                 basket
  Ctry                 US
  E                    [NaN, NaN]
  Std                  [NaN, NaN]
  Cor                  NaN
  Theta                [ NaN , 0 ; 0 , 0  ]
 
----Target----
:
    method: 'tauchen'
    states: 9
      vars: 2
      base: 'basket'
      Ctry: 'US'
         E: [1.0073 0.9984]
       Std: [0.0086 0.0449]
       Cor: -0.0300
     Theta: [4x1 double]

.Theta:
    0.3501
         0
         0
         0

 
 
{Warning: p0 not correctly implemented! need MVgrid} 
> In Tauchen1987Joh at 76
  In mcInterface at 39
  In getShockTrans at 88
  In markov at 36
  In callMarkov at 29
States=9, vars=2
Shock matrix (S)
    0.9981    0.9550
    1.0073    0.9536
    1.0165    0.9521
    0.9981    0.9998
    1.0073    0.9984
    1.0165    0.9970
    0.9981    1.0447
    1.0073    1.0432
    1.0165    1.0418

Transition matrix (T)
    0.1364    0.1192    0.0569    0.1671    0.1461    0.0697    0.1329    0.1162    0.0555
    0.0916    0.1254    0.0916    0.1136    0.1557    0.1136    0.0916    0.1254    0.0916
    0.0555    0.1162    0.1329    0.0697    0.1461    0.1671    0.0569    0.1192    0.1364
    0.1364    0.1192    0.0569    0.1671    0.1461    0.0697    0.1329    0.1162    0.0555
    0.0916    0.1254    0.0916    0.1136    0.1557    0.1136    0.0916    0.1254    0.0916
    0.0555    0.1162    0.1329    0.0697    0.1461    0.1671    0.0569    0.1192    0.1364
    0.1364    0.1192    0.0569    0.1671    0.1461    0.0697    0.1329    0.1162    0.0555
    0.0916    0.1254    0.0916    0.1136    0.1557    0.1136    0.0916    0.1254    0.0916
    0.0555    0.1162    0.1329    0.0697    0.1461    0.1671    0.0569    0.1192    0.1364

Unconditional probs(lambda)
    0.0942    0.1207    0.0936    0.1165    0.1498    0.1165    0.0936    0.1207    0.0942

Unconditional means(E) 
    1.0073    0.9984

Unconditional std 
   0.0072             0.0000 + 0.0027i
   0.0000 + 0.0027i   0.0352          

Unconditional cov 
    0.0001   -0.0000
   -0.0000    0.0012

Unconditional correlation 
    1.0000   -0.0298
   -0.0298    1.0000

Unconditional skewness 
   1.0e-11 *

   -0.5577
   -0.1143

Persistence 
    0.2543   -0.0000
   -0.0012   -0.0000

Conditional means(Et) 
   1.004950948361728   0.998417786958086
   1.007291666666667   0.998406509163368
   1.009632384971605   0.998395231368649
   1.004950948361728   0.998417786958086
   1.007291666666667   0.998406509163368
   1.009632384971605   0.998395231368649
   1.004950948361728   0.998417786958086
   1.007291666666667   0.998406509163368
   1.009632384971605   0.998395231368649

Conditional std(Std_t) 
    0.0054    0.0352
    0.0053    0.0352
    0.0054    0.0352
    0.0054    0.0352
    0.0053    0.0352
    0.0054    0.0352
    0.0054    0.0352
    0.0053    0.0352
    0.0054    0.0352

Conditional covariance 
st/vars  (2,1)
 1       -0.000 
 2       -0.000 
 3       -0.000 
 4       -0.000 
 5       -0.000 
 6       -0.000 
 7       -0.000 
 8       -0.000 
 9       -0.000 

Conditional correlation 
st/vars  (2,1)
 1       -0.029 
 2       -0.031 
 3       -0.029 
 4       -0.029 
 5       -0.031 
 6       -0.029 
 7       -0.029 
 8       -0.031 
 9       -0.029 

Stadnard deviation E_t: std(E_t)
   0.0018             0.0000 + 0.0001i
   0.0000 + 0.0001i   0.0000          

Correlation S E_t(S)
 [ corr(x,E_t(x)),   corr(x, E_t(y)) ] 
 [ corr(y,E_t(x)),   corr(y, E_t(y)) ] 
    1.0000   -1.0000
   -0.0298    0.0298

