         rhoA: 0.819577
         etaA: 0.161506
         rhoB: 0.736528
         etaB: 0.235409
      hGridA:             0.897             0.9           0.903
      hGridB:             0.897             0.9           0.903
