algo.T:                         100
algo.convCrit:                  1e-06
algo.newPolicyFlag:             1
algo.storeStartingPoints:       0
algo.nSimulations:              1000000
sspa.wGridSize:                 11
econ.gamma:                     2
econ.beta:                      0.99
econ.alphaA:                    0.5
econ.alphaB:                    0.5
econ.b1Abar:                    -1
econ.b2Abar:                    -1
econ.b1Bbar:                    -1
econ.b2Bbar:                    -1
econ.wBar:                      -0.1
econ.wGridBar:                  -0.1
hbit.EA:                        0.9
hbit.EB:                        0.9
hbit.sigmaA:                    0.003
hbit.sigmaB:                    0.003
hbit.gridScaleA:                1
hbit.gridScaleB:                1
hbit.gridSizeA:                 3
hbit.gridSizeB:                 3
algo.simulOnly:                 0
algo.policPlot:                 0
algo.simulPlot:                 0
algo.makeSav:                   0
algo.simulWealth0:              0
